
> Configure project :
Fabric Loom: 1.15.5
Project directory 'C:\Users\1\OneDrive\Desktop\Новая папка (11)' is located in OneDrive. This is known to cause issues and slower performance. Consider moving the project to a different location.

> Task :compileJava
Note: Some input files use or override a deprecated API.
Note: Recompile with -Xlint:deprecation for details.
Note: C:\Users\1\OneDrive\Desktop\Новая папка (11)\src\main\java\fun\wonderful\api\utils\math\MathUtils.java uses unchecked or unsafe operations.
Note: Recompile with -Xlint:unchecked for details.

[Incubating] Problems report is available at: file:///C:/Users/1/OneDrive/Desktop/%D0%9D%D0%BE%D0%B2%D0%B0%D1%8F%20%D0%BF%D0%B0%D0%BF%D0%BA%D0%B0%20(11)/build/reports/problems/problems-report.html

BUILD SUCCESSFUL in 17s
1 actionable task: 1 executed
